[36mvite v6.4.1 [32mbuilding for production...[36m[39m
transforming...
[32mΓ£ô[39m 4 modules transformed.
node.exe : 
[31mΓ£ù[39m Build 
failed in 690ms
At line:1 char:1
+ & "C:\Program 
Files\nodejs/node.exe" 
"C:\Program 
Files\nodejs/node_mo 
...
+ ~~~~~~~~~~~~~~~~~~~~~
~~~~~~~~~~~~~~~~~~~~~~~
~~~~~~~~~~~~~~~~~~~~~~~
~~
    + CategoryInfo     
         : NotSpecifi  
  ed: ([31mΓ£ù[39m   
  Build failed in 6    
90ms:String) [], R    
emoteException
    + FullyQualifiedEr 
   rorId : NativeComm  
  andError
 
[31merror during 
build:
[31m[vite:css] 
[postcss] 
postcss-import: C:\User
s\HP\OneDrive\Desktop\l
ib\client\node_modules\
tailwindcss\lib\index.j
s:1:1: Unknown word 
"use strict"[31m
file: [36mC:\Users\HP\
OneDrive\Desktop\lib\cl
ient\node_modules\tailw
indcss\lib\index.js:1:0
 (C:/Users/HP/OneDrive/
Desktop/lib/client/src/
index.css)[31m
    at Input.error (C:\
Users\HP\OneDrive\Deskt
op\lib\client\node_modu
les\postcss\lib\input.j
s:135:16)
    at 
Parser.unknownWord (C:\
Users\HP\OneDrive\Deskt
op\lib\client\node_modu
les\postcss\lib\parser.
js:595:22)
    at Parser.other (C:
\Users\HP\OneDrive\Desk
top\lib\client\node_mod
ules\postcss\lib\parser
.js:437:12)
    at Parser.parse (C:
\Users\HP\OneDrive\Desk
top\lib\client\node_mod
ules\postcss\lib\parser
.js:472:16)
    at parse (C:\Users\
HP\OneDrive\Desktop\lib
\client\node_modules\po
stcss\lib\parse.js:11:1
2)
    at get root (C:\Use
rs\HP\OneDrive\Desktop\
lib\client\node_modules
\postcss\lib\no-work-re
sult.js:43:14)
    at Result.get [as 
root] (C:\Users\HP\OneD
rive\Desktop\lib\client
\node_modules\postcss\l
ib\no-work-result.js:77
:21)
    at 
loadImportContent (file
:///C:/Users/HP/OneDriv
e/Desktop/lib/client/no
de_modules/vite/dist/no
de/chunks/dep-C9BXG1mU.
js:696:33)
    at async 
Promise.all (index 0)
    at async 
resolveImportId (file:/
//C:/Users/HP/OneDrive/
Desktop/lib/client/node
_modules/vite/dist/node
/chunks/dep-C9BXG1mU.js
:629:27)[39m
